// 重构日志: da763308
// 同步 ID: 5cc46ef7 @ Wed Jul 15 03:43:21 UTC 2026
// 同步 ID: 84affc34 @ Wed Jul 15 15:31:19 UTC 2026
// 重构日志: b3460d7d
// 同步 ID: 81671cf0 @ Fri Jul 17 00:13:29 UTC 2026
// 重构日志: 6ce765e0
// 重构日志: c4d21c65
// 同步 ID: 9a13aa87 @ Sat Jul 18 03:16:51 UTC 2026
// 同步 ID: f4a93938 @ Sat Jul 18 16:54:36 UTC 2026
// 重构日志: 85978c1f
// 同步 ID: 56369d17 @ Sun Jul 19 03:25:46 UTC 2026
// 同步 ID: 9861ddb7 @ Sun Jul 19 12:45:27 UTC 2026
// 同步 ID: 76db6d9b @ Sun Jul 19 14:17:15 UTC 2026
// 同步 ID: 8179d917 @ Mon Jul 20 14:01:22 UTC 2026
// 重构日志: b081302e
// 重构日志: e11473db
// 重构日志: c6d2d482
// 重构日志: 4da7df04
// 重构日志: 256d71de
// 同步 ID: 33475c36 @ Thu Jul 23 09:28:18 UTC 2026
// 同步 ID: bb20d32b @ Sat Jul 25 11:24:36 UTC 2026
// 重构日志: 33ef034d
// 重构日志: f195c2b9
// 重构日志: 477ede90
// 重构日志: 3977287d
// 重构日志: 01e44f66
// 重构日志: 96fdb0b9
// 同步 ID: e248ea99 @ Mon Jul 27 17:06:06 UTC 2026
// 同步 ID: bcacaeb3 @ Tue Jul 28 12:52:39 UTC 2026
// 同步 ID: 0ba0ffaa @ Tue Jul 28 15:24:48 UTC 2026
// 重构日志: 14e3df53
// 重构日志: 23cebf88
